// Jest Snapshot v1, https://goo.gl/fbAQLP

exports[`<PostCard/> should match snapshot 1`] = `
<div
  class="post"
>
  <img
    alt="title01"
    src="img/img.png"
  />
  <div
    class="post-content"
  >
    <h1>
      title01
       
      1
    </h1>
    <p>
      body01
    </p>
  </div>
</div>
`;
